TAP version 13
# Subtest: selectWorkspace - should return default workspace path
not ok 1 - selectWorkspace - should return default workspace path
  ---
  duration_ms: 2.580469
  type: 'test'
  location: '/Users/macbook/Desktop/project-progress-board/packages/shared/tests/MockFileSystemAdapter.test.ts:2:1593'
  failureType: 'testCodeFailure'
  error: 'Not implemented'
  code: 'ERR_TEST_FAILURE'
  stack: |-
    MockFileSystemAdapter.selectWorkspace (/Users/macbook/Desktop/project-progress-board/packages/shared/src/adapters/MockFileSystemAdapter.ts:6:11)
    TestContext.<anonymous> (/Users/macbook/Desktop/project-progress-board/packages/shared/tests/MockFileSystemAdapter.test.ts:30:30)
    Test.runInAsyncScope (node:async_hooks:214:14)
    Test.run (node:internal/test_runner/test:1047:25)
    async startSubtestAfterBootstrap (node:internal/test_runner/harness:296:3)
  ...
# Subtest: selectWorkspace - should return active workspace if set
not ok 2 - selectWorkspace - should return active workspace if set
  ---
  duration_ms: 0.678003
  type: 'test'
  location: '/Users/macbook/Desktop/project-progress-board/packages/shared/tests/MockFileSystemAdapter.test.ts:2:1877'
  failureType: 'testCodeFailure'
  error: 'Not implemented'
  code: 'ERR_TEST_FAILURE'
  stack: |-
    MockFileSystemAdapter.selectWorkspace (/Users/macbook/Desktop/project-progress-board/packages/shared/src/adapters/MockFileSystemAdapter.ts:6:11)
    TestContext.<anonymous> (/Users/macbook/Desktop/project-progress-board/packages/shared/tests/MockFileSystemAdapter.test.ts:37:30)
    Test.runInAsyncScope (node:async_hooks:214:14)
    Test.run (node:internal/test_runner/test:1047:25)
    async Test.processPendingSubtests (node:internal/test_runner/test:744:7)
  ...
# Subtest: hasBoardConfig - should return false if board.json is not present
not ok 3 - hasBoardConfig - should return false if board.json is not present
  ---
  duration_ms: 0.4348
  type: 'test'
  location: '/Users/macbook/Desktop/project-progress-board/packages/shared/tests/MockFileSystemAdapter.test.ts:2:2230'
  failureType: 'testCodeFailure'
  error: 'Not implemented'
  code: 'ERR_TEST_FAILURE'
  stack: |-
    MockFileSystemAdapter.hasBoardConfig (/Users/macbook/Desktop/project-progress-board/packages/shared/src/adapters/MockFileSystemAdapter.ts:10:11)
    TestContext.<anonymous> (/Users/macbook/Desktop/project-progress-board/packages/shared/tests/MockFileSystemAdapter.test.ts:43:32)
    Test.runInAsyncScope (node:async_hooks:214:14)
    Test.run (node:internal/test_runner/test:1047:25)
    async Test.processPendingSubtests (node:internal/test_runner/test:744:7)
  ...
# Subtest: hasBoardConfig - should return true if board.json is present
not ok 4 - hasBoardConfig - should return true if board.json is present
  ---
  duration_ms: 1.928784
  type: 'test'
  location: '/Users/macbook/Desktop/project-progress-board/packages/shared/tests/MockFileSystemAdapter.test.ts:2:2524'
  failureType: 'testCodeFailure'
  error: 'Not implemented'
  code: 'ERR_TEST_FAILURE'
  stack: |-
    MockFileSystemAdapter.writeBoardConfig (/Users/macbook/Desktop/project-progress-board/packages/shared/src/adapters/MockFileSystemAdapter.ts:18:11)
    TestContext.<anonymous> (/Users/macbook/Desktop/project-progress-board/packages/shared/tests/MockFileSystemAdapter.test.ts:56:17)
    Test.runInAsyncScope (node:async_hooks:214:14)
    Test.run (node:internal/test_runner/test:1047:25)
    async Test.processPendingSubtests (node:internal/test_runner/test:744:7)
  ...
# Subtest: readBoardConfig - should initialize and return default board config if not exists
not ok 5 - readBoardConfig - should initialize and return default board config if not exists
  ---
  duration_ms: 0.742082
  type: 'test'
  location: '/Users/macbook/Desktop/project-progress-board/packages/shared/tests/MockFileSystemAdapter.test.ts:2:3029'
  failureType: 'testCodeFailure'
  error: 'Not implemented'
  code: 'ERR_TEST_FAILURE'
  stack: |-
    MockFileSystemAdapter.readBoardConfig (/Users/macbook/Desktop/project-progress-board/packages/shared/src/adapters/MockFileSystemAdapter.ts:14:11)
    TestContext.<anonymous> (/Users/macbook/Desktop/project-progress-board/packages/shared/tests/MockFileSystemAdapter.test.ts:64:32)
    Test.runInAsyncScope (node:async_hooks:214:14)
    Test.run (node:internal/test_runner/test:1047:25)
    async Test.processPendingSubtests (node:internal/test_runner/test:744:7)
  ...
# Subtest: writeBoardConfig - should serialize and write board config to localStorage
not ok 6 - writeBoardConfig - should serialize and write board config to localStorage
  ---
  duration_ms: 0.456594
  type: 'test'
  location: '/Users/macbook/Desktop/project-progress-board/packages/shared/tests/MockFileSystemAdapter.test.ts:2:3683'
  failureType: 'testCodeFailure'
  error: 'Not implemented'
  code: 'ERR_TEST_FAILURE'
  stack: |-
    MockFileSystemAdapter.writeBoardConfig (/Users/macbook/Desktop/project-progress-board/packages/shared/src/adapters/MockFileSystemAdapter.ts:18:11)
    TestContext.<anonymous> (/Users/macbook/Desktop/project-progress-board/packages/shared/tests/MockFileSystemAdapter.test.ts:85:17)
    Test.runInAsyncScope (node:async_hooks:214:14)
    Test.run (node:internal/test_runner/test:1047:25)
    async Test.processPendingSubtests (node:internal/test_runner/test:744:7)
  ...
# Subtest: readTextFile - should throw error if file does not exist
not ok 7 - readTextFile - should throw error if file does not exist
  ---
  duration_ms: 4.797804
  type: 'test'
  location: '/Users/macbook/Desktop/project-progress-board/packages/shared/tests/MockFileSystemAdapter.test.ts:2:4407'
  failureType: 'testCodeFailure'
  error: |-
    The input did not match the regular expression /File not found/. Input:
    
    'Error: Not implemented'
    
  code: 'ERR_ASSERTION'
  name: 'AssertionError'
  expected:
  actual:
  error: 'Not implemented'
  stack: |-
    MockFileSystemAdapter.readTextFile (/Users/macbook/Desktop/project-progress-board/packages/shared/src/adapters/MockFileSystemAdapter.ts:26:11)
    <anonymous> (/Users/macbook/Desktop/project-progress-board/packages/shared/tests/MockFileSystemAdapter.test.ts:95:33)
    waitForActual (node:assert:551:21)
    Function.rejects (node:assert:686:31)
    TestContext.<anonymous> (/Users/macbook/Desktop/project-progress-board/packages/shared/tests/MockFileSystemAdapter.test.ts:94:16)
    Test.runInAsyncScope (node:async_hooks:214:14)
    Test.run (node:internal/test_runner/test:1047:25)
    async Test.processPendingSubtests (node:internal/test_runner/test:744:7)
  operator: 'rejects'
  stack: |-
    async TestContext.<anonymous> (/Users/macbook/Desktop/project-progress-board/packages/shared/tests/MockFileSystemAdapter.test.ts:94:3)
    async Test.run (node:internal/test_runner/test:1054:7)
    async Test.processPendingSubtests (node:internal/test_runner/test:744:7)
  ...
# Subtest: writeTextFile and readTextFile - should write and read text content
not ok 8 - writeTextFile and readTextFile - should write and read text content
  ---
  duration_ms: 0.672131
  type: 'test'
  location: '/Users/macbook/Desktop/project-progress-board/packages/shared/tests/MockFileSystemAdapter.test.ts:2:4702'
  failureType: 'testCodeFailure'
  error: 'Not implemented'
  code: 'ERR_TEST_FAILURE'
  stack: |-
    MockFileSystemAdapter.writeTextFile (/Users/macbook/Desktop/project-progress-board/packages/shared/src/adapters/MockFileSystemAdapter.ts:30:11)
    TestContext.<anonymous> (/Users/macbook/Desktop/project-progress-board/packages/shared/tests/MockFileSystemAdapter.test.ts:104:17)
    Test.runInAsyncScope (node:async_hooks:214:14)
    Test.run (node:internal/test_runner/test:1047:25)
    async Test.processPendingSubtests (node:internal/test_runner/test:744:7)
  ...
# Subtest: listFiles - should list all files under the workspace path
not ok 9 - listFiles - should list all files under the workspace path
  ---
  duration_ms: 0.412547
  type: 'test'
  location: '/Users/macbook/Desktop/project-progress-board/packages/shared/tests/MockFileSystemAdapter.test.ts:2:5137'
  failureType: 'testCodeFailure'
  error: 'Not implemented'
  code: 'ERR_TEST_FAILURE'
  stack: |-
    MockFileSystemAdapter.writeTextFile (/Users/macbook/Desktop/project-progress-board/packages/shared/src/adapters/MockFileSystemAdapter.ts:30:11)
    TestContext.<anonymous> (/Users/macbook/Desktop/project-progress-board/packages/shared/tests/MockFileSystemAdapter.test.ts:113:17)
    Test.runInAsyncScope (node:async_hooks:214:14)
    Test.run (node:internal/test_runner/test:1047:25)
    async Test.processPendingSubtests (node:internal/test_runner/test:744:7)
  ...
1..9
# tests 9
# suites 0
# pass 0
# fail 9
# cancelled 0
# skipped 0
# todo 0
# duration_ms 1706.685756

[salt:TSK-1.2-RED:1779475402.N]