Building all packages in the monorepo...

> build
> turbo run build

• turbo 2.9.14

   • Packages in scope: desktop-shell, shared, web-frontend
   • Running build in 3 packages
   • Remote caching disabled

shared:build: cache hit, replaying logs bd88371a87ba9128
shared:build: 
shared:build: > shared@1.0.0 build
shared:build: > tsc
shared:build: 
desktop-shell:build: cache miss, executing 70ae157f71e9295e
web-frontend:build: cache hit, replaying logs cb4471a16bdc42f0
web-frontend:build: 
web-frontend:build: > web-frontend@0.0.0 build
web-frontend:build: > tsc -b && vite build
web-frontend:build: 
web-frontend:build: vite v8.0.14 building client environment for production...
web-frontend:build: [2Kweb-frontend:build: transforming...✓ 26 modules transformed.
web-frontend:build: rendering chunks...
web-frontend:build: computing gzip size...
web-frontend:build: dist/index.html                   0.80 kB │ gzip:  0.43 kB
web-frontend:build: dist/assets/index-Dzjwg8Q3.css   10.85 kB │ gzip:  2.74 kB
web-frontend:build: dist/assets/index-DoAKEVPP.js   215.92 kB │ gzip: 66.89 kB
web-frontend:build: 
web-frontend:build: ✓ built in 497ms
desktop-shell:build: 
desktop-shell:build: > desktop-shell@1.0.0 build
desktop-shell:build: > tsc
desktop-shell:build: 

 Tasks:    3 successful, 3 total
Cached:    2 cached, 3 total
  Time:    9.582s 

Running electron-builder packaging in desktop_shell...

> desktop-shell@1.0.0 package
> electron-builder build --dir

  • electron-builder  version=24.13.3 os=21.6.0
  • loaded configuration  file=package.json ("build" field)
  • packaging       platform=darwin arch=x64 electron=30.0.0 appOutDir=dist-packaged/mac
  • default Electron icon is used  reason=application icon is not set
  • skipped macOS application code signing  reason=cannot find valid "Developer ID Application" identity or custom non-Apple code signing certificate, it could cause some undefined behaviour, e.g. macOS localized description not visible, see https://electron.build/code-signing allIdentities=  1) A44CB66ACDEC86667F3020A8F376E1D06D211C07 "localhost" (CSSMERR_TP_NOT_TRUSTED)
     1 identities found
                                                Valid identities only
     0 valid identities found
Verifying package layout for platform: darwin...
✅ Electron application packaged successfully and verified!

[salt:TSK-4.1:1779524844.N]